============================= test session starts =============================
platform win32 -- Python 3.13.1, pytest-9.0.2, pluggy-1.6.0
rootdir: C:\Users\tprit\PROJECTS\DPDP-PROJECT\BACKEND
plugins: anyio-4.12.0, langsmith-0.5.1, asyncio-1.3.0
asyncio: mode=Mode.STRICT, debug=False, asyncio_default_fixture_loop_scope=None, asyncio_default_test_loop_scope=function
collected 1 item

tests\test_live_audit.py E

=================================== ERRORS ====================================
__________________ ERROR at setup of test_full_audit_zomato ___________________

self = <sqlalchemy.engine.base.Connection object at 0x000001B70F340D60>
dialect = <sqlalchemy.dialects.sqlite.pysqlite.SQLiteDialect_pysqlite object at 0x000001B77EE15160>
constructor = <bound method DefaultExecutionContext._init_compiled of <class 'sqlalchemy.dialects.sqlite.base.SQLiteExecutionContext'>>
statement = <sqlalchemy.dialects.sqlite.base.SQLiteCompiler object at 0x000001B70FB252B0>
parameters = [{}]
execution_options = immutabledict({'_sa_orm_load_options': default_load_options(_legacy_uniquing=True), '_result_disable_adapt_to_context': True})
args = (<sqlalchemy.dialects.sqlite.base.SQLiteCompiler object at 0x000001B70FB252B0>, [{}], <sqlalchemy.sql.selectable.Selec...('%(1887575307472 id)s', 'dpdp_2023', type_=UUID()), _OffsetLimitParam('%(1885750804560 param)s', 1, type_=Integer())])
kw = {'cache_hit': <CacheStats.CACHE_MISS: 1>}, yp = None
conn = <sqlalchemy.pool.base._ConnectionFairy object at 0x000001B70F3BC530>

    def _execute_context(
        self,
        dialect: Dialect,
        constructor: Callable[..., ExecutionContext],
        statement: Union[str, Compiled],
        parameters: Optional[_AnyMultiExecuteParams],
        execution_options: _ExecuteOptions,
        *args: Any,
        **kw: Any,
    ) -> CursorResult[Any]:
        """Create an :class:`.ExecutionContext` and execute, returning
        a :class:`_engine.CursorResult`."""
    
        if execution_options:
            yp = execution_options.get("yield_per", None)
            if yp:
                execution_options = execution_options.union(
                    {"stream_results": True, "max_row_buffer": yp}
                )
        try:
            conn = self._dbapi_connection
            if conn is None:
                conn = self._revalidate_connection()
    
>           context = constructor(
                dialect, self, conn, execution_options, *args, **kw
            )

venv\Lib\site-packages\sqlalchemy\engine\base.py:1815: 
_ _ _ _ _ _ _ _ _ _ _ _ _ _ _ _ _ _ _ _ _ _ _ _ _ _ _ _ _ _ _ _ _ _ _ _ _ _ _ _
venv\Lib\site-packages\sqlalchemy\engine\default.py:1496: in _init_compiled
    flattened_processors[key](compiled_params[key])
_ _ _ _ _ _ _ _ _ _ _ _ _ _ _ _ _ _ _ _ _ _ _ _ _ _ _ _ _ _ _ _ _ _ _ _ _ _ _ _

value = 'dpdp_2023'

    def process(value):
        if value is not None:
>           value = value.hex
                    ^^^^^^^^^
E           AttributeError: 'str' object has no attribute 'hex'

venv\Lib\site-packages\sqlalchemy\sql\sqltypes.py:3734: AttributeError

The above exception was the direct cause of the following exception:

    @pytest.fixture(scope="module")
    def db():
        # Ensure database is prepared
        Base.metadata.create_all(bind=engine)
        session = SessionLocal()
    
        # Check if DPDP exists, if not seed a minimal version for this test
>       framework = session.query(ComplianceFramework).filter_by(id="dpdp_2023").first()
                    ^^^^^^^^^^^^^^^^^^^^^^^^^^^^^^^^^^^^^^^^^^^^^^^^^^^^^^^^^^^^^^^^^^^^

tests\test_live_audit.py:18: 
_ _ _ _ _ _ _ _ _ _ _ _ _ _ _ _ _ _ _ _ _ _ _ _ _ _ _ _ _ _ _ _ _ _ _ _ _ _ _ _
venv\Lib\site-packages\sqlalchemy\orm\query.py:2759: in first
    return self.limit(1)._iter().first()  # type: ignore
           ^^^^^^^^^^^^^^^^^^^^^
venv\Lib\site-packages\sqlalchemy\orm\query.py:2857: in _iter
    result: Union[ScalarResult[_T], Result[_T]] = self.session.execute(
venv\Lib\site-packages\sqlalchemy\orm\session.py:2351: in execute
    return self._execute_internal(
venv\Lib\site-packages\sqlalchemy\orm\session.py:2249: in _execute_internal
    result: Result[Any] = compile_state_cls.orm_execute_statement(
venv\Lib\site-packages\sqlalchemy\orm\context.py:306: in orm_execute_statement
    result = conn.execute(
venv\Lib\site-packages\sqlalchemy\engine\base.py:1419: in execute
    return meth(
venv\Lib\site-packages\sqlalchemy\sql\elements.py:527: in _execute_on_connection
    return connection._execute_clauseelement(
venv\Lib\site-packages\sqlalchemy\engine\base.py:1641: in _execute_clauseelement
    ret = self._execute_context(
venv\Lib\site-packages\sqlalchemy\engine\base.py:1821: in _execute_context
    self._handle_dbapi_exception(
venv\Lib\site-packages\sqlalchemy\engine\base.py:2363: in _handle_dbapi_exception
    raise sqlalchemy_exception.with_traceback(exc_info[2]) from e
venv\Lib\site-packages\sqlalchemy\engine\base.py:1815: in _execute_context
    context = constructor(
venv\Lib\site-packages\sqlalchemy\engine\default.py:1496: in _init_compiled
    flattened_processors[key](compiled_params[key])
_ _ _ _ _ _ _ _ _ _ _ _ _ _ _ _ _ _ _ _ _ _ _ _ _ _ _ _ _ _ _ _ _ _ _ _ _ _ _ _

value = 'dpdp_2023'

    def process(value):
        if value is not None:
>           value = value.hex
                    ^^^^^^^^^
E           sqlalchemy.exc.StatementError: (builtins.AttributeError) 'str' object has no attribute 'hex'
E           [SQL: SELECT compliance_frameworks.id AS compliance_frameworks_id, compliance_frameworks.name AS compliance_frameworks_name, compliance_frameworks.version AS compliance_frameworks_version, compliance_frameworks.effective_date AS compliance_frameworks_effective_date, compliance_frameworks.description AS compliance_frameworks_description, compliance_frameworks.created_at AS compliance_frameworks_created_at 
E           FROM compliance_frameworks 
E           WHERE compliance_frameworks.id = ?
E            LIMIT ? OFFSET ?]
E           [parameters: [{}]]

venv\Lib\site-packages\sqlalchemy\sql\sqltypes.py:3734: StatementError
============================== warnings summary ===============================
app\core\config.py:5
  C:\Users\tprit\PROJECTS\DPDP-PROJECT\BACKEND\app\core\config.py:5: PydanticDeprecatedSince20: Support for class-based `config` is deprecated, use ConfigDict instead. Deprecated in Pydantic V2.0 to be removed in V3.0. See Pydantic V2 Migration Guide at https://errors.pydantic.dev/2.12/migration/
    class Settings(BaseSettings):

app\core\database.py:9
  C:\Users\tprit\PROJECTS\DPDP-PROJECT\BACKEND\app\core\database.py:9: MovedIn20Warning: The ``declarative_base()`` function is now available as sqlalchemy.orm.declarative_base(). (deprecated since: 2.0) (Background on SQLAlchemy 2.0 at: https://sqlalche.me/e/b8d9)
    Base = declarative_base()

app\schemas\user.py:16
  C:\Users\tprit\PROJECTS\DPDP-PROJECT\BACKEND\app\schemas\user.py:16: PydanticDeprecatedSince20: Support for class-based `config` is deprecated, use ConfigDict instead. Deprecated in Pydantic V2.0 to be removed in V3.0. See Pydantic V2 Migration Guide at https://errors.pydantic.dev/2.12/migration/
    class UserInDBBase(UserBase):

app\main.py:27
  C:\Users\tprit\PROJECTS\DPDP-PROJECT\BACKEND\app\main.py:27: DeprecationWarning: 
          on_event is deprecated, use lifespan event handlers instead.
  
          Read more about it in the
          [FastAPI docs for Lifespan Events](https://fastapi.tiangolo.com/advanced/events/).
          
    @app.on_event("startup")

venv\Lib\site-packages\fastapi\applications.py:4576
  C:\Users\tprit\PROJECTS\DPDP-PROJECT\BACKEND\venv\Lib\site-packages\fastapi\applications.py:4576: DeprecationWarning: 
          on_event is deprecated, use lifespan event handlers instead.
  
          Read more about it in the
          [FastAPI docs for Lifespan Events](https://fastapi.tiangolo.com/advanced/events/).
          
    return self.router.on_event(event_type)

app\schemas\agents.py:19
  C:\Users\tprit\PROJECTS\DPDP-PROJECT\BACKEND\app\schemas\agents.py:19: PydanticDeprecatedSince20: Pydantic V1 style `@validator` validators are deprecated. You should migrate to Pydantic V2 style `@field_validator` validators, see the migration guide for more details. Deprecated in Pydantic V2.0 to be removed in V3.0. See Pydantic V2 Migration Guide at https://errors.pydantic.dev/2.12/migration/
    @validator('requirement_ids')

app\schemas\agents.py:77
  C:\Users\tprit\PROJECTS\DPDP-PROJECT\BACKEND\app\schemas\agents.py:77: PydanticDeprecatedSince20: Pydantic V1 style `@validator` validators are deprecated. You should migrate to Pydantic V2 style `@field_validator` validators, see the migration guide for more details. Deprecated in Pydantic V2.0 to be removed in V3.0. See Pydantic V2 Migration Guide at https://errors.pydantic.dev/2.12/migration/
    @validator('status')

-- Docs: https://docs.pytest.org/en/stable/how-to/capture-warnings.html
=========================== short test summary info ===========================
ERROR tests/test_live_audit.py::test_full_audit_zomato - sqlalchemy.exc.State...
======================== 7 warnings, 1 error in 0.61s =========================
